OSMCAL_program.c:46:29:Stack_voidSchedulerStackInit	0	static,ignoring_inline_asm
OSMCAL_program.c:55:6:MSTK_voidInit	24	static
OSMCAL_program.c:73:27:PendSV_Handler	0	static,ignoring_inline_asm
OSMCAL_program.c:103:13:UnBlockTask	16	static
OSMCAL_program.c:122:6:SysTick_Handler	8	static
OSMCAL_program.c:139:6:InitTasksStack	16	static
OSMCAL_program.c:189:5:GetCurrentPSPValue	4	static
OSMCAL_program.c:195:6:SaveCurrentPSPValue	16	static
OSMCAL_program.c:201:29:ChangePSP	0	static,ignoring_inline_asm
OSMCAL_program.c:223:6:EnableSystemFaults	4	static
OSMCAL_program.c:234:6:UpdateNextTask	16	static
OSMCAL_program.c:256:6:TaskDelay	16	static,ignoring_inline_asm
OSMCAL_program.c:275:13:IdealTaskHandler	4	static
